[2025-12-07T16:40:40.810+0000] {taskinstance.py:1956} INFO - Dependencies all met for dep_context=non-requeueable deps ti=<TaskInstance: shopverseDailyPipeline.loadStagingTables manual__2025-12-07T16:35:34.637372+00:00 [queued]>
[2025-12-07T16:40:40.822+0000] {taskinstance.py:1956} INFO - Dependencies all met for dep_context=requeueable deps ti=<TaskInstance: shopverseDailyPipeline.loadStagingTables manual__2025-12-07T16:35:34.637372+00:00 [queued]>
[2025-12-07T16:40:40.823+0000] {taskinstance.py:2170} INFO - Starting attempt 2 of 2
[2025-12-07T16:40:40.842+0000] {taskinstance.py:2191} INFO - Executing <Task(PythonOperator): loadStagingTables> on 2025-12-07 16:35:34.637372+00:00
[2025-12-07T16:40:40.848+0000] {standard_task_runner.py:60} INFO - Started process 748 to run task
[2025-12-07T16:40:40.852+0000] {standard_task_runner.py:87} INFO - Running: ['***', 'tasks', 'run', 'shopverseDailyPipeline', 'loadStagingTables', 'manual__2025-12-07T16:35:34.637372+00:00', '--job-id', '40', '--raw', '--subdir', 'DAGS_FOLDER/shopverseDailyPipeline.py', '--cfg-path', '/tmp/tmp4q3w5bq0']
[2025-12-07T16:40:40.854+0000] {standard_task_runner.py:88} INFO - Job 40: Subtask loadStagingTables
[2025-12-07T16:40:40.917+0000] {task_command.py:423} INFO - Running <TaskInstance: shopverseDailyPipeline.loadStagingTables manual__2025-12-07T16:35:34.637372+00:00 [running]> on host 8dc71704cdea
[2025-12-07T16:40:41.016+0000] {taskinstance.py:2480} INFO - Exporting env vars: AIRFLOW_CTX_DAG_OWNER='***' AIRFLOW_CTX_DAG_ID='shopverseDailyPipeline' AIRFLOW_CTX_TASK_ID='loadStagingTables' AIRFLOW_CTX_EXECUTION_DATE='2025-12-07T16:35:34.637372+00:00' AIRFLOW_CTX_TRY_NUMBER='2' AIRFLOW_CTX_DAG_RUN_ID='manual__2025-12-07T16:35:34.637372+00:00'
[2025-12-07T16:40:41.030+0000] {base.py:83} INFO - Using connection ID 'postgresDwh' for task execution.
[2025-12-07T16:40:41.048+0000] {taskinstance.py:2698} ERROR - Task failed with exception
Traceback (most recent call last):
  File "/home/airflow/.local/lib/python3.8/site-packages/airflow/models/taskinstance.py", line 433, in _execute_task
    result = execute_callable(context=context, **execute_callable_kwargs)
  File "/home/airflow/.local/lib/python3.8/site-packages/airflow/operators/python.py", line 199, in execute
    return_value = self.execute_callable()
  File "/home/airflow/.local/lib/python3.8/site-packages/airflow/operators/python.py", line 216, in execute_callable
    return self.python_callable(*self.op_args, **self.op_kwargs)
  File "/opt/airflow/dags/shopverseDailyPipeline.py", line 39, in loadStagingTables
    cursor.execute("""
psycopg2.errors.UniqueViolation: duplicate key value violates unique constraint "stg_customers_pkey"
DETAIL:  Key (customer_id)=(1000) already exists.

[2025-12-07T16:40:41.059+0000] {taskinstance.py:1138} INFO - Marking task as FAILED. dag_id=shopverseDailyPipeline, task_id=loadStagingTables, execution_date=20251207T163534, start_date=20251207T164040, end_date=20251207T164041
[2025-12-07T16:40:41.071+0000] {standard_task_runner.py:107} ERROR - Failed to execute job 40 for task loadStagingTables (duplicate key value violates unique constraint "stg_customers_pkey"
DETAIL:  Key (customer_id)=(1000) already exists.
; 748)
[2025-12-07T16:40:41.117+0000] {local_task_job_runner.py:234} INFO - Task exited with return code 1
[2025-12-07T16:40:41.164+0000] {taskinstance.py:3280} INFO - 0 downstream tasks scheduled from follow-on schedule check
