[2025-12-07T15:42:44.493+0000] {taskinstance.py:1956} INFO - Dependencies all met for dep_context=non-requeueable deps ti=<TaskInstance: shopverseDailyPipeline.checkFilesExistence manual__2025-12-07T15:42:40.850624+00:00 [queued]>
[2025-12-07T15:42:44.505+0000] {taskinstance.py:1956} INFO - Dependencies all met for dep_context=requeueable deps ti=<TaskInstance: shopverseDailyPipeline.checkFilesExistence manual__2025-12-07T15:42:40.850624+00:00 [queued]>
[2025-12-07T15:42:44.506+0000] {taskinstance.py:2170} INFO - Starting attempt 1 of 2
[2025-12-07T15:42:44.526+0000] {taskinstance.py:2191} INFO - Executing <Task(PythonOperator): checkFilesExistence> on 2025-12-07 15:42:40.850624+00:00
[2025-12-07T15:42:44.532+0000] {standard_task_runner.py:60} INFO - Started process 609 to run task
[2025-12-07T15:42:44.537+0000] {standard_task_runner.py:87} INFO - Running: ['***', 'tasks', 'run', 'shopverseDailyPipeline', 'checkFilesExistence', 'manual__2025-12-07T15:42:40.850624+00:00', '--job-id', '25', '--raw', '--subdir', 'DAGS_FOLDER/shopverseDailyPipeline.py', '--cfg-path', '/tmp/tmpk8b77w8f']
[2025-12-07T15:42:44.538+0000] {standard_task_runner.py:88} INFO - Job 25: Subtask checkFilesExistence
[2025-12-07T15:42:44.621+0000] {task_command.py:423} INFO - Running <TaskInstance: shopverseDailyPipeline.checkFilesExistence manual__2025-12-07T15:42:40.850624+00:00 [running]> on host c9a6e462115c
[2025-12-07T15:42:44.740+0000] {taskinstance.py:2480} INFO - Exporting env vars: AIRFLOW_CTX_DAG_OWNER='***' AIRFLOW_CTX_DAG_ID='shopverseDailyPipeline' AIRFLOW_CTX_TASK_ID='checkFilesExistence' AIRFLOW_CTX_EXECUTION_DATE='2025-12-07T15:42:40.850624+00:00' AIRFLOW_CTX_TRY_NUMBER='1' AIRFLOW_CTX_DAG_RUN_ID='manual__2025-12-07T15:42:40.850624+00:00'
[2025-12-07T15:42:44.743+0000] {taskinstance.py:2698} ERROR - Task failed with exception
Traceback (most recent call last):
  File "/home/airflow/.local/lib/python3.8/site-packages/airflow/models/taskinstance.py", line 433, in _execute_task
    result = execute_callable(context=context, **execute_callable_kwargs)
  File "/home/airflow/.local/lib/python3.8/site-packages/airflow/operators/python.py", line 199, in execute
    return_value = self.execute_callable()
  File "/home/airflow/.local/lib/python3.8/site-packages/airflow/operators/python.py", line 216, in execute_callable
    return self.python_callable(*self.op_args, **self.op_kwargs)
  File "/opt/airflow/dags/shopverseDailyPipeline.py", line 28, in checkFiles
    raise FileNotFoundError("One or more input files are missing")
FileNotFoundError: One or more input files are missing
[2025-12-07T15:42:44.755+0000] {taskinstance.py:1138} INFO - Marking task as UP_FOR_RETRY. dag_id=shopverseDailyPipeline, task_id=checkFilesExistence, execution_date=20251207T154240, start_date=20251207T154244, end_date=20251207T154244
[2025-12-07T15:42:44.778+0000] {standard_task_runner.py:107} ERROR - Failed to execute job 25 for task checkFilesExistence (One or more input files are missing; 609)
[2025-12-07T15:42:44.803+0000] {local_task_job_runner.py:234} INFO - Task exited with return code 1
[2025-12-07T15:42:44.859+0000] {taskinstance.py:3280} INFO - 0 downstream tasks scheduled from follow-on schedule check
