[2025-12-06T05:54:16.725+0000] {taskinstance.py:1956} INFO - Dependencies all met for dep_context=non-requeueable deps ti=<TaskInstance: tutorial.templated scheduled__2025-12-05T00:00:00+00:00 [queued]>
[2025-12-06T05:54:16.776+0000] {taskinstance.py:1956} INFO - Dependencies all met for dep_context=requeueable deps ti=<TaskInstance: tutorial.templated scheduled__2025-12-05T00:00:00+00:00 [queued]>
[2025-12-06T05:54:16.777+0000] {taskinstance.py:2170} INFO - Starting attempt 1 of 2
[2025-12-06T05:54:16.808+0000] {taskinstance.py:2191} INFO - Executing <Task(BashOperator): templated> on 2025-12-05 00:00:00+00:00
[2025-12-06T05:54:16.822+0000] {standard_task_runner.py:60} INFO - Started process 200 to run task
[2025-12-06T05:54:16.830+0000] {standard_task_runner.py:87} INFO - Running: ['***', 'tasks', 'run', 'tutorial', 'templated', 'scheduled__2025-12-05T00:00:00+00:00', '--job-id', '4', '--raw', '--subdir', '/home/***/.local/lib/python3.8/site-packages/***/example_dags/tutorial.py', '--cfg-path', '/tmp/tmpm4tiq0ni']
[2025-12-06T05:54:16.844+0000] {standard_task_runner.py:88} INFO - Job 4: Subtask templated
[2025-12-06T05:54:17.024+0000] {task_command.py:423} INFO - Running <TaskInstance: tutorial.templated scheduled__2025-12-05T00:00:00+00:00 [running]> on host b1d5d235fa2a
[2025-12-06T05:54:17.434+0000] {taskinstance.py:2480} INFO - Exporting env vars: AIRFLOW_CTX_DAG_EMAIL='***@example.com' AIRFLOW_CTX_DAG_OWNER='***' AIRFLOW_CTX_DAG_ID='tutorial' AIRFLOW_CTX_TASK_ID='templated' AIRFLOW_CTX_EXECUTION_DATE='2025-12-05T00:00:00+00:00' AIRFLOW_CTX_TRY_NUMBER='1' AIRFLOW_CTX_DAG_RUN_ID='scheduled__2025-12-05T00:00:00+00:00'
[2025-12-06T05:54:17.444+0000] {subprocess.py:63} INFO - Tmp dir root location: /tmp
[2025-12-06T05:54:17.448+0000] {subprocess.py:75} INFO - Running command: ['/usr/bin/bash', '-c', '\n\n    echo "2025-12-05"\n    echo "2025-12-12"\n\n    echo "2025-12-05"\n    echo "2025-12-12"\n\n    echo "2025-12-05"\n    echo "2025-12-12"\n\n    echo "2025-12-05"\n    echo "2025-12-12"\n\n    echo "2025-12-05"\n    echo "2025-12-12"\n']
[2025-12-06T05:54:17.478+0000] {subprocess.py:86} INFO - Output:
[2025-12-06T05:54:17.480+0000] {subprocess.py:93} INFO - 2025-12-05
[2025-12-06T05:54:17.481+0000] {subprocess.py:93} INFO - 2025-12-12
[2025-12-06T05:54:17.482+0000] {subprocess.py:93} INFO - 2025-12-05
[2025-12-06T05:54:17.483+0000] {subprocess.py:93} INFO - 2025-12-12
[2025-12-06T05:54:17.484+0000] {subprocess.py:93} INFO - 2025-12-05
[2025-12-06T05:54:17.485+0000] {subprocess.py:93} INFO - 2025-12-12
[2025-12-06T05:54:17.486+0000] {subprocess.py:93} INFO - 2025-12-05
[2025-12-06T05:54:17.487+0000] {subprocess.py:93} INFO - 2025-12-12
[2025-12-06T05:54:17.489+0000] {subprocess.py:93} INFO - 2025-12-05
[2025-12-06T05:54:17.490+0000] {subprocess.py:93} INFO - 2025-12-12
[2025-12-06T05:54:17.496+0000] {subprocess.py:97} INFO - Command exited with return code 0
[2025-12-06T05:54:17.560+0000] {taskinstance.py:1138} INFO - Marking task as SUCCESS. dag_id=tutorial, task_id=templated, execution_date=20251205T000000, start_date=20251206T055416, end_date=20251206T055417
[2025-12-06T05:54:17.626+0000] {local_task_job_runner.py:234} INFO - Task exited with return code 0
[2025-12-06T05:54:17.664+0000] {taskinstance.py:3280} INFO - 0 downstream tasks scheduled from follow-on schedule check
