[2025-12-06T05:54:23.042+0000] {taskinstance.py:1956} INFO - Dependencies all met for dep_context=non-requeueable deps ti=<TaskInstance: tutorial.templated manual__2025-12-06T05:54:16.433931+00:00 [queued]>
[2025-12-06T05:54:23.058+0000] {taskinstance.py:1956} INFO - Dependencies all met for dep_context=requeueable deps ti=<TaskInstance: tutorial.templated manual__2025-12-06T05:54:16.433931+00:00 [queued]>
[2025-12-06T05:54:23.060+0000] {taskinstance.py:2170} INFO - Starting attempt 1 of 2
[2025-12-06T05:54:23.085+0000] {taskinstance.py:2191} INFO - Executing <Task(BashOperator): templated> on 2025-12-06 05:54:16.433931+00:00
[2025-12-06T05:54:23.092+0000] {standard_task_runner.py:60} INFO - Started process 213 to run task
[2025-12-06T05:54:23.099+0000] {standard_task_runner.py:87} INFO - Running: ['***', 'tasks', 'run', 'tutorial', 'templated', 'manual__2025-12-06T05:54:16.433931+00:00', '--job-id', '8', '--raw', '--subdir', '/home/***/.local/lib/python3.8/site-packages/***/example_dags/tutorial.py', '--cfg-path', '/tmp/tmpmduxs0sv']
[2025-12-06T05:54:23.104+0000] {standard_task_runner.py:88} INFO - Job 8: Subtask templated
[2025-12-06T05:54:23.190+0000] {task_command.py:423} INFO - Running <TaskInstance: tutorial.templated manual__2025-12-06T05:54:16.433931+00:00 [running]> on host b1d5d235fa2a
[2025-12-06T05:54:23.464+0000] {taskinstance.py:2480} INFO - Exporting env vars: AIRFLOW_CTX_DAG_EMAIL='***@example.com' AIRFLOW_CTX_DAG_OWNER='***' AIRFLOW_CTX_DAG_ID='tutorial' AIRFLOW_CTX_TASK_ID='templated' AIRFLOW_CTX_EXECUTION_DATE='2025-12-06T05:54:16.433931+00:00' AIRFLOW_CTX_TRY_NUMBER='1' AIRFLOW_CTX_DAG_RUN_ID='manual__2025-12-06T05:54:16.433931+00:00'
[2025-12-06T05:54:23.466+0000] {subprocess.py:63} INFO - Tmp dir root location: /tmp
[2025-12-06T05:54:23.468+0000] {subprocess.py:75} INFO - Running command: ['/usr/bin/bash', '-c', '\n\n    echo "2025-12-06"\n    echo "2025-12-13"\n\n    echo "2025-12-06"\n    echo "2025-12-13"\n\n    echo "2025-12-06"\n    echo "2025-12-13"\n\n    echo "2025-12-06"\n    echo "2025-12-13"\n\n    echo "2025-12-06"\n    echo "2025-12-13"\n']
[2025-12-06T05:54:23.483+0000] {subprocess.py:86} INFO - Output:
[2025-12-06T05:54:23.488+0000] {subprocess.py:93} INFO - 2025-12-06
[2025-12-06T05:54:23.489+0000] {subprocess.py:93} INFO - 2025-12-13
[2025-12-06T05:54:23.489+0000] {subprocess.py:93} INFO - 2025-12-06
[2025-12-06T05:54:23.490+0000] {subprocess.py:93} INFO - 2025-12-13
[2025-12-06T05:54:23.491+0000] {subprocess.py:93} INFO - 2025-12-06
[2025-12-06T05:54:23.492+0000] {subprocess.py:93} INFO - 2025-12-13
[2025-12-06T05:54:23.493+0000] {subprocess.py:93} INFO - 2025-12-06
[2025-12-06T05:54:23.494+0000] {subprocess.py:93} INFO - 2025-12-13
[2025-12-06T05:54:23.495+0000] {subprocess.py:93} INFO - 2025-12-06
[2025-12-06T05:54:23.495+0000] {subprocess.py:93} INFO - 2025-12-13
[2025-12-06T05:54:23.496+0000] {subprocess.py:97} INFO - Command exited with return code 0
[2025-12-06T05:54:23.541+0000] {taskinstance.py:1138} INFO - Marking task as SUCCESS. dag_id=tutorial, task_id=templated, execution_date=20251206T055416, start_date=20251206T055423, end_date=20251206T055423
[2025-12-06T05:54:23.605+0000] {local_task_job_runner.py:234} INFO - Task exited with return code 0
[2025-12-06T05:54:23.630+0000] {taskinstance.py:3280} INFO - 0 downstream tasks scheduled from follow-on schedule check
